// Jest Snapshot v1, https://goo.gl/fbAQLP

exports[`SearchConfigurationCreate should match snapshot 1`] = `
<div
  class="euiPage euiPage--grow euiPageTemplate"
  style="min-height: 460px;"
>
  <div
    class="euiPageBody euiPageBody--borderRadiusNone"
  >
    <div
      class="euiPanel euiPanel--borderRadiusNone euiPanel--plain euiPanel--noShadow euiPanel--noBorder euiPageContent euiPageContent--borderRadiusNone"
      role="main"
    >
      <div
        class="euiPageContentBody euiPage--paddingLarge euiPage--restrictWidth-custom"
        style="max-width: 100%;"
      >
        <header
          class="euiPageHeader euiPageHeader--responsive euiPageHeader--center"
        >
          <div
            class="euiPageHeaderContent"
          >
            <div
              class="euiFlexGroup euiFlexGroup--gutterLarge euiFlexGroup--alignItemsFlexStart euiFlexGroup--directionRow euiFlexGroup--responsive euiPageHeaderContent__top"
            >
              <div
                class="euiFlexItem"
              >
                <h1
                  class="euiTitle euiTitle--large"
                >
                  Search Configuration
                </h1>
                <div
                  class="euiSpacer euiSpacer--l"
                />
                <div
                  class="euiText euiText--medium euiText--constrainedWidth"
                >
                  <p>
                    Configure a new search configuration that represents all the aspects of an algorithm.
                  </p>
                </div>
              </div>
              <div
                class="euiFlexItem euiFlexItem--flexGrowZero"
              >
                <div
                  class="euiFlexGroup euiFlexGroup--gutterLarge euiFlexGroup--directionRow euiFlexGroup--wrap euiPageHeaderContent__rightSideItems"
                >
                  <div
                    class="euiFlexItem euiFlexItem--flexGrowZero"
                  >
                    <button
                      class="euiButtonEmpty euiButtonEmpty--primary euiButtonEmpty--small"
                      data-test-subj="cancelSearchConfigurationButton"
                      type="button"
                    >
                      <span
                        class="euiButtonContent euiButtonEmpty__content"
                      >
                        <svg
                          aria-hidden="true"
                          class="euiIcon euiIcon--medium euiIcon--inherit euiButtonContent__icon"
                          focusable="false"
                          height="16"
                          role="img"
                          viewBox="0 0 16 16"
                          width="16"
                          xmlns="http://www.w3.org/2000/svg"
                        >
                          <path
                            d="M7.293 8 3.146 3.854a.5.5 0 1 1 .708-.708L8 7.293l4.146-4.147a.5.5 0 0 1 .708.708L8.707 8l4.147 4.146a.5.5 0 0 1-.708.708L8 8.707l-4.146 4.147a.5.5 0 0 1-.708-.708L7.293 8Z"
                          />
                        </svg>
                        <span
                          class="euiButtonEmpty__text"
                        >
                          Cancel
                        </span>
                      </span>
                    </button>
                  </div>
                  <div
                    class="euiFlexItem euiFlexItem--flexGrowZero"
                  >
                    <button
                      class="euiButton euiButton--primary euiButton--small euiButton--fill"
                      data-test-subj="createSearchConfigurationButton"
                      type="button"
                    >
                      <span
                        class="euiButtonContent euiButton__content"
                      >
                        <svg
                          aria-hidden="true"
                          class="euiIcon euiIcon--medium euiIcon--inherit euiButtonContent__icon"
                          focusable="false"
                          height="16"
                          role="img"
                          viewBox="0 0 16 16"
                          width="16"
                          xmlns="http://www.w3.org/2000/svg"
                        >
                          <path
                            d="M6.5 12a.502.502 0 0 1-.354-.146l-4-4a.502.502 0 0 1 .708-.708L6.5 10.793l6.646-6.647a.502.502 0 0 1 .708.708l-7 7A.502.502 0 0 1 6.5 12"
                            fill-rule="evenodd"
                          />
                        </svg>
                        <span
                          class="euiButton__text"
                        >
                          Create Search Configuration
                        </span>
                      </span>
                    </button>
                  </div>
                </div>
              </div>
            </div>
          </div>
        </header>
        <div
          class="euiFlexGroup euiFlexGroup--gutterLarge euiFlexGroup--directionRow euiFlexGroup--responsive"
        >
          <div
            class="euiFlexItem euiFlexItem--flexGrow7"
          >
            <div
              class="euiPanel euiPanel--paddingMedium euiPanel--borderRadiusMedium euiPanel--plain euiPanel--hasShadow euiPanel--hasBorder"
            >
              <div
                data-test-subj="search-configuration-form"
              >
                <input
                  data-test-subj="name-input"
                  value="Test Search Configuration"
                />
              </div>
            </div>
          </div>
          <div
            class="euiFlexItem euiFlexItem--flexGrow5"
            style="max-width: 41.67%; max-height: 80vh; overflow: auto;"
          >
            <div
              data-test-subj="validation-panel"
            >
              test query
            </div>
          </div>
        </div>
      </div>
    </div>
  </div>
</div>
`;
